// Jest Snapshot v1, https://goo.gl/fbAQLP

exports[`execute symbol api should return success 1`] = `
{
  "data": {
    "result": 1.15591,
  },
  "jobRunID": "1",
  "providerStatusCode": 200,
  "result": 1.15591,
  "statusCode": 200,
}
`;
