// Jest Snapshot v1, https://goo.gl/fbAQLP

exports[`price-beth error calls should throw an error if the Anchor Vault contract returns 0 1`] = `
{
  "error": {
    "feedID": "BETH/ETH",
    "message": "Invalid result for stETH/bETH Exchange Rate from Anchor Vault address error-anchor-vault-address",
    "name": "AdapterError",
    "network": "ethereum",
  },
  "jobRunID": "1",
  "status": "errored",
  "statusCode": 500,
}
`;

exports[`price-beth error calls should throw an error if the ETH/USD feed returns 0 1`] = `
{
  "error": {
    "feedID": "BETH/ETH",
    "message": "Invalid result for Chainlink Terra feed error-eth-feed-address",
    "name": "AdapterError",
  },
  "jobRunID": "1",
  "status": "errored",
  "statusCode": 500,
}
`;

exports[`price-beth error calls should throw an error if the ETH/USD feed reverts 1`] = `
{
  "error": {
    "feedID": "BETH/ETH",
    "message": "Call to ETH-USD Terra feed has reverted",
    "name": "Error",
  },
  "jobRunID": "1",
  "status": "errored",
  "statusCode": 500,
}
`;

exports[`price-beth error calls should throw an error if the stETH/ETH Curve pool is returns 0 1`] = `
{
  "error": {
    "feedID": "BETH/ETH",
    "message": "Invalid result for stETH/ETH Exchange Rate from Curve Pool address error-curve-address",
    "name": "AdapterError",
    "network": "ethereum",
  },
  "jobRunID": "1",
  "status": "errored",
  "statusCode": 500,
}
`;

exports[`price-beth error calls should throw an error if the stETH/ETH Curve pool reverts 1`] = `
{
  "error": {
    "feedID": "BETH/ETH",
    "message": "Call to Curve pool to fetch stETH/ETH rate reverted",
    "name": "AdapterError",
    "network": "ethereum",
  },
  "jobRunID": "1",
  "status": "errored",
  "statusCode": 500,
}
`;

exports[`price-beth successful calls return success when fetching the USD/BEth price 1`] = `
{
  "data": {
    "result": "271217959548",
    "statusCode": 200,
  },
  "jobRunID": "1",
  "result": "271217959548",
  "statusCode": 200,
}
`;

exports[`price-beth successful calls returns success when fetching the ETH/BEth price 1`] = `
{
  "data": {
    "result": "103514409",
    "statusCode": 200,
  },
  "jobRunID": "1",
  "result": "103514409",
  "statusCode": 200,
}
`;
