// Jest Snapshot v1, https://goo.gl/fbAQLP

exports[`execute anchor-data should return success fragmetric price 1`] = `
{
  "data": {
    "result": "1079420719",
  },
  "result": "1079420719",
  "statusCode": 200,
  "timestamps": {
    "providerDataReceivedUnixMs": 978347471111,
    "providerDataRequestedUnixMs": 978347471111,
  },
}
`;
