// Jest Snapshot v1, https://goo.gl/fbAQLP

exports[`coinapi crypto endpoint when sending well-formed request should reply with success 1`] = `
Object {
  "data": Object {
    "result": 0.06262119731705901,
  },
  "jobRunID": "1",
  "result": 0.06262119731705901,
  "statusCode": 200,
}
`;
