// Jest Snapshot v1, https://goo.gl/fbAQLP

exports[`dns record check record check endpoint should return success 1`] = `
{
  "data": {
    "result": true,
  },
  "jobRunID": "1",
  "providerStatusCode": 200,
  "result": true,
  "statusCode": 200,
}
`;
