// Jest Snapshot v1, https://goo.gl/fbAQLP

exports[`execute stmatic endpoint should return success 1`] = `
{
  "data": {
    "result": 69357317,
  },
  "jobRunID": "1",
  "providerStatusCode": 200,
  "result": 69357317,
  "statusCode": 200,
}
`;
