// Jest Snapshot v1, https://goo.gl/fbAQLP

exports[`execute balance endpoint should return success 1`] = `
{
  "data": {
    "result": 999999.99,
    "ripcord": false,
  },
  "result": 999999.99,
  "statusCode": 200,
  "timestamps": {
    "providerDataReceivedUnixMs": 978347471111,
    "providerDataRequestedUnixMs": 978347471111,
    "providerIndicatedTimeUnixMs": 1696699992777,
  },
}
`;
