// Jest Snapshot v1, https://goo.gl/fbAQLP

exports[`rest portfolio api should return success 1`] = `
{
  "data": {
    "result": 25954.286873113622,
  },
  "result": 25954.286873113622,
  "statusCode": 200,
  "timestamps": {
    "providerDataReceivedUnixMs": 1641035471111,
    "providerDataRequestedUnixMs": 1641035471111,
  },
}
`;
