// Jest Snapshot v1, https://goo.gl/fbAQLP

exports[`execute reserve endpoint should fail if client name is not present or wrong 1`] = `
{
  "error": {
    "message": "[Param: client] param is required but no value was provided",
    "name": "AdapterError",
  },
  "status": "errored",
  "statusCode": 400,
}
`;

exports[`execute reserve endpoint should return success for emgemx 1`] = `
{
  "data": {
    "result": "1000000",
    "ripcord": false,
  },
  "result": "1000000",
  "statusCode": 200,
  "timestamps": {
    "providerDataReceivedUnixMs": 978347471111,
    "providerDataRequestedUnixMs": 978347471111,
    "providerIndicatedTimeUnixMs": 1751500917131,
  },
}
`;

exports[`execute reserve endpoint should return success for m0 1`] = `
{
  "data": {
    "result": "1000000",
    "ripcord": false,
  },
  "result": "1000000",
  "statusCode": 200,
  "timestamps": {
    "providerDataReceivedUnixMs": 978347471111,
    "providerDataRequestedUnixMs": 978347471111,
    "providerIndicatedTimeUnixMs": 1751500917131,
  },
}
`;

exports[`execute reserve endpoint should return success for re 1`] = `
{
  "data": {
    "result": "1000000",
    "ripcord": false,
  },
  "result": "1000000",
  "statusCode": 200,
  "timestamps": {
    "providerDataReceivedUnixMs": 978347471111,
    "providerDataRequestedUnixMs": 978347471111,
    "providerIndicatedTimeUnixMs": 1751500917131,
  },
}
`;

exports[`execute reserve endpoint should return success for uranium 1`] = `
{
  "data": {
    "result": "1000000",
    "ripcord": false,
  },
  "result": "1000000",
  "statusCode": 200,
  "timestamps": {
    "providerDataReceivedUnixMs": 978347471111,
    "providerDataRequestedUnixMs": 978347471111,
    "providerIndicatedTimeUnixMs": 1751500917131,
  },
}
`;