// Jest Snapshot v1, https://goo.gl/fbAQLP

exports[`websocket forex endpoint should return success 1`] = `
{
  "data": {
    "result": 2797.835,
  },
  "result": 2797.835,
  "statusCode": 200,
  "timestamps": {
    "providerDataReceivedUnixMs": 1018,
    "providerDataStreamEstablishedUnixMs": 1010,
  },
}
`;
