// Jest Snapshot v1, https://goo.gl/fbAQLP

exports[`execute state endpoint should return success 1`] = `
{
  "data": {
    "result": 100.2,
  },
  "result": 100.2,
  "statusCode": 200,
  "timestamps": {
    "providerDataReceivedUnixMs": 978347471111,
    "providerDataRequestedUnixMs": 978347471111,
  },
}
`;

