// Jest Snapshot v1, https://goo.gl/fbAQLP

exports[`execute empty request should return success 1`] = `
{
  "data": "1196870372476465755",
  "jobRunID": "1",
  "statusCode": 200,
}
`;
