// Jest Snapshot v1, https://goo.gl/fbAQLP

exports[`execute with from date and days should return success 1`] = `
{
  "data": {
    "result": 4526.04602020095,
  },
  "jobRunID": "1",
  "providerStatusCode": 200,
  "result": 4526.04602020095,
  "statusCode": 200,
}
`;

exports[`execute with to date and days should return success 1`] = `
{
  "data": {
    "result": 4526.04602020095,
  },
  "jobRunID": "1",
  "providerStatusCode": 200,
  "result": 4526.04602020095,
  "statusCode": 200,
}
`;

exports[`execute with to/from dates should return success 1`] = `
{
  "data": {
    "result": 4526.04602020095,
  },
  "jobRunID": "1",
  "providerStatusCode": 200,
  "result": 4526.04602020095,
  "statusCode": 200,
}
`;
