// Jest Snapshot v1, https://goo.gl/fbAQLP

exports[`execute rate api should return success 1`] = `
{
  "data": {
    "result": 1,
  },
  "jobRunID": "1",
  "providerStatusCode": 200,
  "result": 1,
  "statusCode": 200,
}
`;

exports[`execute rate api should return success for override 1`] = `
{
  "data": {
    "result": 1,
  },
  "jobRunID": "1",
  "providerStatusCode": 200,
  "result": 1,
  "statusCode": 200,
}
`;

exports[`execute rate api with invalid symbol should return failure 1`] = `
{
  "error": {
    "feedID": "NON/EXISTING",
    "message": "Request failed with status code 400",
    "name": "AdapterError",
    "url": "https:/dex-asiapacific.binance.org/api/v1/ticker/24hr",
  },
  "jobRunID": "1",
  "providerStatusCode": 400,
  "status": "errored",
  "statusCode": 200,
}
`;
