// Jest Snapshot v1, https://goo.gl/fbAQLP

exports[`execute nav endpoint should return success 1`] = `
{
  "data": {
    "result": 49.2564,
  },
  "result": 49.2564,
  "statusCode": 200,
  "timestamps": {
    "providerDataReceivedUnixMs": 978347471111,
    "providerDataRequestedUnixMs": 978347471111,
  },
}
`;
